Script started on 2023-09-23 02:20:37-04:00
bash-4.4$ ls
cmds.log  index.html  test1  Worksheet1  Worksheet2  Worksheet3

Task 1
----------------------------------------
bash-4.4$ mkdir Assignment1
----------------------------------------

bash-4.4$ ls
Assignment1  cmds.log  index.html  test1  Worksheet1  Worksheet2  Worksheet3
bash-4.4$ cd Assignment1/
bash-4.4$ echo $HOME
/mnt/scratch/FA23_CS131_Ashish/haroldf23

Task 2
---------------------------------------- 
bash-4.4$ echo $SHELL
/bin/bash
----------------------------------------

Task 2
----------------------------------------
bash-4.4$ echo $HOME
/mnt/scratch/FA23_CS131_Ashish/haroldf23
----------------------------------------

Task 3
----------------------------------------
bash-4.4$ id
uid=1116(haroldf23) gid=1116(haroldf23) groups=1116(haroldf23),77(S77)
I belong to 1116, 77
----------------------------------------


bash-4.4$ ls
bash-4.4$ cd Assignment1/
bash: cd: Assignment1/: No such file or directory
bash-4.4$ cd ..
bash-4.4$ ls
Assignment1  cmds.log  index.html  test1  Worksheet1  Worksheet2  Worksheet3
bash-4.4$ cd Assignment1/

Task 4
----------------------------------------
bash-4.4$ mkdir myDir
bash-4.4$ ls
myDir
bash-4.4$ chmod -w
chmod: missing operand
Try 'chmod --help' for more information.
bash-4.4$ chmod --help
Usage: chmod [OPTION]... MODE[,MODE]... FILE...
  or:  chmod [OPTION]... OCTAL-MODE FILE...
  or:  chmod [OPTION]... --reference=RFILE FILE...
Change the mode of each FILE to MODE.
With --reference, change the mode of each FILE to that of RFILE.

  -c, --changes          like verbose but report only when a change is made
  -f, --silent, --quiet  suppress most error messages
  -v, --verbose          output a diagnostic for every file processed
      --no-preserve-root  do not treat '/' specially (the default)
      --preserve-root    fail to operate recursively on '/'
      --reference=RFILE  use RFILE's mode instead of MODE values
  -R, --recursive        change files and directories recursively
      --help     display this help and exit
      --version  output version information and exit

Each MODE is of the form '[ugoa]*([-+=]([rwxXst]*|[ugo]))+|[-+=][0-7]+'.

GNU coreutils online help: <https://www.gnu.org/software/coreutils/>
Full documentation at: <https://www.gnu.org/software/coreutils/chmod>
or available locally via: info '(coreutils) chmod invocation'
bash-4.4$ ls [K-l
bash: ls-l: command not found
bash-4.4$ ls -l
total 4
drwxrwxr-x 2 haroldf23 haroldf23 4096 Sep 23 02:27 myDir
bash-4.4$ chmod -w
chmod: missing operand
Try 'chmod --help' for more information.
bash-4.4$ chmod -w myDir/
bash-4.4$ ls -l
total 4
dr-xr-xr-x 2 haroldf23 haroldf23 4096 Sep 23 02:27 myDir
bash-4.4$ cd myDir/
bash-4.4$ ls
bash-4.4$ ls -l
total 0
bash-4.4$ tp[Kouch temp.txt
touch: cannot touch 'temp.txt': Permission denied

I can cd and ls but cannot create files under it
----------------------------------------

bash-4.4$ cd ..
bash-4.4$ ls
myDir

Task 5
----------------------------------------
bash-4.4$ mkdir myDir2
bash-4.4$ mkdir myDir3
----------------------------------------


bash-4.4$ ls
myDir  myDir2  myDir3
bash-4.4$ cd myDir2

Task 6
----------------------------------------
bash-4.4$ touch myFile.txt
bash-4.4$ mv myFile.txt ?[K> [K[K/myDir3
mv: cannot create regular file '/myDir3': Permission denied
bash-4.4$ mv myFile.txt /myDir3/
mv: cannot create regular file '/myDir3/': Not a directory
bash-4.4$ mv myFile.txt /myDir3/[1PmyDir3/
mv: cannot move 'myFile.txt' to 'myDir3/': Not a directory
bash-4.4$ ls
myFile.txt
bash-4.4$ lsmv myFile.txt myDir3/[C[C[K
bash-4.4$ l[Kls
myDir3
bash-4.4$ cd ..
bash-4.4$ ls
myDir  myDir2  myDir3
bash-4.4$ mv [K[K[Kls
myDir  myDir2  myDir3
bash-4.4$ cd myDir2
bash-4.4$ ls
myDir3
bash-4.4$ c[Kmv myDir3 myFIle.txt[K[K[K[K[K[K[K[KFile.txt
bash-4.4$ ls
myFile.txt
bash-4.4$ mv myFile.txt  /myDir2
mv: cannot create regular file '/myDir2': Permission denied
bash-4.4$ mv myFile.txt  /myDir2[K3
mv: cannot create regular file '/myDir3': Permission denied
bash-4.4$ chmod +w myFile.txt [K[K[K[K[K[K[K[K[KDir2
chmod: cannot access 'myDir2': No such file or directory
bash-4.4$ ls
myFile.txt
bash-4.4$ cd ..
bash-4.4$ chmod +w myDir2
bash-4.4$ chmod +w myDir2[K3
bash-4.4$ ls
myDir  myDir2  myDir3
bash-4.4$ lschmod +w myDir323[K1
chmod: cannot access 'myDir1': No such file or directory
bash-4.4$ chmod +w myDir1[K
bash-4.4$ chmod [K[K[K[K[K[Kls
myDir  myDir2  myDir3
bash-4.4$ cd myDir2
bash-4.4$ ls
myFile.txt
bash-4.4$ mv myFile.txt /M[KmyDir3
mv: cannot create regular file '/myDir3': Permission denied
bash-4.4$ mv myFile.txt /myDir3[1PmyDir3
bash-4.4$ ls
myDir3
bash-4.4$ ls[Kmv myDir3 myFile.txt
bash-4.4$ mv myDir3 myFile.txt[C[C[C[C[C[C[C[C[C[Cls[Kmv myFile.txt myDir3\ myDir3[C[1P myDir3[C\myDir3
bash-4.4$ ls
myDir3
bash-4.4$ lsmv myFile.txt \myDir3[1PDir3 myFile.txt
bash-4.4$ ls
myFile.txt
bash-4.4$ ls[Kmv myFile.txt Ass[K[K[K/mydir[K[K[KDir3/
mv: cannot create regular file '/myDir3/': Not a directory
bash-4.4$ mv myFile.txt /myDir3/[K[K[K[K[K[K[K[K[K[K[K[K[K[K[K[K[K[K[K[K[K[Kcd ..
bash-4.4$ ls
myDir  myDir2  myDir3
bash-4.4$ lscd ..mv myFile.txt /myDir3/myFile.txt
mv: cannot stat 'myFile.txt': No such file or directory
bash-4.4$ ls
myDir  myDir2  myDir3
bash-4.4$ rm [Kdir[K[K[Kdir myDir3
bash-4.4$ ls
myDir  myDir2
bash-4.4$ mkdir myDir3
bash-4.4$ ls
myDir  myDir2  myDir3
bash-4.4$ my [K[K[Kcd myDir2
bash-4.4$ ls
myFile.txt
bash-4.4$ mv my[K[KmyDir2/t[KmyFile.txt [C[C[1@/[C[C[C[C[C[C[C[C[C[C[C[C[C[C[C[C[C[C/myDir3/myFile.txt
mv: cannot stat '/myDir2/myFile.txt': No such file or directory
bash-4.4$ mv /myDir2/myFile.txt /myDir3/myFile.txt[C[C[C[C[C[C[C[C[C[Cls[Kcd myDir2ls[Kmkdir myDir3[C[C[C[C[C[C[K[K[K[K[K[K[K[K[K[K[K[Kmv myFile.txt  ~/myDir3/myFile.txt
mv: cannot move 'myFile.txt' to '/mnt/scratch/FA23_CS131_Ashish/haroldf23/myDir3/myFile.txt': No such file or directory
bash-4.4$ [Kbash-4.4$ mv myFile.txt  ~/myDir3/myFile.txtc/myDir3/myFile.txts/myDir3/myFile.txt1/myDir3/myFile.txt3/myDir3/myFile.txt1/myDir3/myFile.txt[C/myDir3/myFile.txtA/myDir3/myFile.txts/myDir3/myFile.txts/myDir3/myFile.txti/myDir3/myFile.txtg/myDir3/myFile.txtn/myDir3/myFile.txtm/myDir3/myFile.txte/myDir3/myFile.txtn/myDir3/myFile.txtt/myDir3/myFile.txt1/myDir3/myFile.txt
mv: cannot move 'myFile.txt' to '~cs131/Assignment1/myDir3/myFile.txt': No such file or directory
bash-4.4$ mv myFile.txt  ~cs131/Assignment1/myDir3/myFile.txt[C[C[C[C[1P/Assignment1/myDir3/myFile.txt[1P/Assignment1/myDir3/myFile.txt[1P/Assignment1/myDir3/myFile.txt[C[C[C[C[C[C[C[C[C[C[C[C[C[C[C[C[C[C[C[C[C[C[C[C[C[C[C[C[1P/Assignment1/myDir3/myFile.txt[C[C[C[C[C[C[C[C[C[C[C[C[C[C[C[C[C[C[C[C[C[C[C[C[C[C[C[1P/Assignment1/myDir3/myFile.txt[C[C[C[C[C[C[C[C[C[C[C[C[C[C[C[C[C[C[C[C[C[C[C[C[C[C
mv: cannot move 'myFile.txt' to '/mnt/scratch/FA23_CS131_Ashish/haroldf23/Assignment1/myDir3/myFile.txt': No such file or directory
bash-4.4$ mv myFile.txt  ~/Assignment1/myDir3/myFile.txt[C[C[C[C[C[C[C[C[C[C[C[C[C[C[C[C[C[C[C[C[C[C[C[C[C[Ccs131/Assignment1/myDir3/myFile.txt
mv: cannot move 'myFile.txt' to '~cs131/Assignment1/myDir3/myFile.txt': No such file or directory
bash-4.4$ mv myFile.txt  ~cs131/Assignment1/myDir3/myFile.txt[C cs131/Assignment1/myDir3/myFile.txt[C[C[C[C[C[C[C[C[C[C[C[C[C[C[C[C[C[C[C[C[C[C[C[C[C[C[C
mv: target 'cs131/Assignment1/myDir3/myFile.txt' is not a directory
bash-4.4$ cd ..
bash-4.4$ cd ..
bash-4.4$ cd ..
bash-4.4$ ls
cs131  index.html  newcron.txt	result_without_eminem.txt  sampleDirectory  sampleProject  Spotify  spotify-2023.csv  spotify-2023.csv.1  Worksheet1
bash-4.4$ $HOME
bash: /mnt/scratch/FA23_CS131_Ashish/haroldf23: Is a directory
bash-4.4$ ls[K[Kcd cs1341[K[K[K31
bash-4.4$ ls
Assignment1  cmds.log  index.html  test1  Worksheet1  Worksheet2  Worksheet3
bash-4.4$ cd Assignment1/
bash-4.4$ ls
myDir  myDir2  myDir3
bash-4.4$ cd mydi[K[KDir2
bash-4.4$ ls
myFile.txt
bash-4.4$ mv myFile.txt ~[K../myDir3

----------------------------------------


bash-4.4$ ls
bash-4.4$ cd ..
bash-4.4$ ls
myDir  myDir2  myDir3
bash-4.4$ cd myDir3
bash-4.4$ ls
myFile.txt

Task 6
----------------------------------------
bash-4.4$ free
              total        used        free      shared  buff/cache   available
Mem:       73080512    12587200     1364480     1309888    59128832    56625088
Swap:       4218816     1083840     3134976

-m, --mebi:
[haroldf23@sjsu Assignment1]$ free -m
              total        used        free      shared  buff/cache   available
Mem:          71367       12289        1385        1285       57693       55629
Swap:          4119        1060        3059
----------------------------------------


bash-4.4$ man free
[?1049h[22;0;0t[?1h=FREE(1)                                                                               User Commands                                                                              FREE(1)[m
[m
[1mNAME[0m[m
       free - Display amount of free and used memory in the system[m
[m
[1mSYNOPSIS[0m[m
       [1mfree [22m[[4moptions[24m][m
[m
[1mDESCRIPTION[0m[m
       [1mfree  [22mdisplays  the  total  amount  of free and used physical and swap memory in the system, as well as the buffers and caches used by the kernel. The information is gathered by[m
       parsing /proc/meminfo. The displayed columns are:[m
[m
       [1mtotal  [22mTotal installed memory (MemTotal and SwapTotal in /proc/meminfo)[m
[m
       [1mused   [22mUsed memory (calculated as [1mtotal [22m- [1mfree [22m- [1mbuffers [22m- [1mcache[22m)[m
[m
       [1mfree   [22mUnused memory (MemFree and SwapFree in /proc/meminfo)[m
[m
       [1mshared [22mMemory used (mostly) by tmpfs (Shmem in /proc/meminfo)[m
[m
       [1mbuffers[0m[m
              Memory used by kernel buffers (Buffers in /proc/meminfo)[m
[m
       [1mcache  [22mMemory used by the page cache and slabs (Cached and SReclaimable in /proc/meminfo)[m
[m
       [1mbuff/cache[0m[m
              Sum of [1mbuffers [22mand [1mcache[0m[m
[m
       [1mavailable[0m[m
              Estimation of how much memory is available for starting new applications, without swapping. Unlike the data provided by the [1mcache [22mor [1mfree [22mfields, this  field  takes  into[m
              account  page  cache and also that not all reclaimable memory slabs will be reclaimed due to items being in use (MemAvailable in /proc/meminfo, available on kernels 3.14,[m
              emulated on kernels 2.6.27+, otherwise the same as [1mfree[22m)[m
[m
[1mOPTIONS[0m[m
       [1m-b[22m, [1m--bytes[0m[m
              Display the amount of memory in bytes.[m
[m
       [1m-k[22m, [1m--kibi[0m[m
              Display the amount of memory in kibibytes.  This is the default.[m
[m
       [1m-m[22m, [1m--mebi[0m[m
              Display the amount of memory in mebibytes.[m
[m
       [1m-g[22m, [1m--gibi[0m[m
              Display the amount of memory in gibibytes.[m
[m
       [1m--tebi [22mDisplay the amount of memory in tebibytes.[m
[m
       [1m--pebi [22mDisplay the amount of memory in pebibytes.[m
[7m Manual page free(1) line 1 (press h for help or q to quit)[27m[K[K[7m Manual page free(1) line 1 (press h for help or q to quit)[27m[K[K[7m Manual page free(1) line 1 (press h for help or q to quit)[27m[K[K[7mNo next tag  (press RETURN)[27m[50;1H[K[K[7m Manual page free(1) line 1 (press h for help or q to quit)[27m[K[K[?1l>[?1049l[23;0;0tbash-4.4$ cat /etc/os-release

Task 9
----------------------------------------
/etc/os-release/
----------------------------------------

NAME="Red Hat Enterprise Linux"
VERSION="8.6 (Ootpa)"
ID="rhel"
ID_LIKE="fedora"
VERSION_ID="8.6"
PLATFORM_ID="platform:el8"
PRETTY_NAME="Red Hat Enterprise Linux 8.6 (Ootpa)"
ANSI_COLOR="0;31"
CPE_NAME="cpe:/o:redhat:enterprise_linux:8::baseos"
HOME_URL="https://www.redhat.com/"
DOCUMENTATION_URL="https://access.redhat.com/documentation/red_hat_enterprise_linux/8/"
BUG_REPORT_URL="https://bugzilla.redhat.com/"

REDHAT_BUGZILLA_PRODUCT="Red Hat Enterprise Linux 8"
REDHAT_BUGZILLA_PRODUCT_VERSION=8.6
REDHAT_SUPPORT_PRODUCT="Red Hat Enterprise Linux"
REDHAT_SUPPORT_PRODUCT_VERSION="8.6"
bash-4.4$ ls -l
total 0
-rw-rw-r-- 1 haroldf23 haroldf23 0 Sep 23 02:35 myFile.txt
bash-4.4$ ls -lcat /etc/os-release[1P /etc/os-release[C[C[C[C[C[C[C[C[C[C[C[C[1P /etc/os-release[C[C[C[C[C[C[C[C[C[C[C[1P /etc/os-release[C[C[C[C[C[C[C[C[C[Cc /etc/os-release[C[C[C[C[C[C[C[C[C[C[Cd /etc/os-release[C[C[C[C[C[C[C[C[C[C[C[C
bash: cd: /etc/os-release: Not a directory
bash-4.4$ ls
myFile.txt
bash-4.4$ cd ../etc/os-release
bash: cd: ../etc/os-release: No such file or directory
bash-4.4$ cd ../etc/os-release[C[C[C[C[C[C[C[C[C[Cls[Kcd /etc/os-release[C[C[C[C[C[C[C[C[C[Cls -l[Kcat /etc/os-release[C[C[C[C[C[C[C[C[K[K[K[K[K[K[K[K[K[K[K[K[K[K[K[K[K[K[Kca[K[Kcd /etc/
bash-4.4$ ls
adjtime				  crypttab		   glvnd	    kernel		      mime.types	 pinforc	   rpm		   swid
aliases				  csh.cshrc		   gnupg	    keyutils		      mke2fs.conf	 pkcs11		   rsyslog.conf    sysconfig
alternatives			  csh.login		   GREP_COLORS	    krb5.conf		      modprobe.d	 pki		   rsyslog.d	   sysctl.conf
anacrontab			  ct_node_id		   groff	    krb5.conf.d		      modules-load.d	 plymouth	   rwtab.d	   sysctl.d
asciidoc			  dbus-1		   group	    kshrc		      motd		 pm		   samba	   systemd
at.deny				  dconf			   group-	    ld.so.cache		      motd.d		 polkit-1	   sasl2	   system-release
audit				  default		   grub2.cfg	    ld.so.conf		      mtab		 popt.d		   security	   system-release-cpe
authselect			  depmod.d		   grub.d	    ld.so.conf.d	      multipath		 ppc64-diag	   selinux	   tcsd.conf
bash_completion.d		  dhcp			   gshadow	    libaudit.conf	      multipath.conf	 printcap	   services	   terminfo
bashrc				  DIR_COLORS		   gshadow-	    libblockdev		      nanorc		 profile	   sestatus.conf   tmpfiles.d
bindresvport.blacklist		  DIR_COLORS.256color	   gss		    libibverbs.d	      netconfig		 profile.d	   setroubleshoot  trusted-key.key
bindresvport.blacklist.rsct.save  DIR_COLORS.lightbgcolor  host.conf	    libnl		      NetworkManager	 protocols	   sgml		   tuned
binfmt.d			  dnf			   hostname	    libpaper.d		      networks		 rc0.d		   shadow	   udev
chkconfig.d			  dracut.conf		   hosts	    libreport		      nftables		 rc1.d		   shadow-	   udisks2
chrony.conf			  dracut.conf.d		   idmapd.conf	    libssh		      nsswitch.conf	 rc2.d		   shells	   unbound
chrony.keys			  egl			   init.d	    libuser.conf	      nsswitch.conf.bak  rc3.d		   skel		   updatedb.conf
cifs-utils			  environment		   inittab	    locale.conf		      nvme		 rc4.d		   smartmontools   usb_modeswitch.conf
cloud				  ethertypes		   inputrc	    localtime		      objrepos		 rc5.d		   sos		   vconsole.conf
cni				  exports		   insights-client  login.defs		      oddjob		 rc6.d		   ssh		   vimrc
cockpit				  favicon.png		   iproute2	    logrotate.conf	      oddjobd.conf	 rc.d		   ssl		   virc
containers			  filesystems		   iscsi	    logrotate.d		      oddjobd.conf.d	 rc.local	   sssd		   wgetrc
cron.d				  firewalld		   issue	    lsm			      openldap		 rc.powerfail	   subgid	   X11
cron.daily			  fonts			   issue.d	    lsvpd		      opt		 redhat-release    subgid-	   xattr.conf
cron.deny			  fprintd.conf		   issue.net	    lvm			      os-release	 request-key.conf  subuid	   xdg
cron.hourly			  fstab			   java		    machine-id		      PackageKit	 request-key.d	   subuid-	   xinetd.d
cron.monthly			  fuse.conf		   jvm		    magic		      pam.d		 resolv.conf	   sudo.conf	   xml
crontab				  gcrypt		   jvm-commmon	    mailcap		      papersize		 rhc		   sudoers	   yum
cron.weekly			  gdbinit		   kdump	    makedumpfile.conf.sample  passwd		 rhsm		   sudoers.d	   yum.conf
crypto-policies			  gdbinit.d		   kdump.conf	    man_db.conf		      passwd-		 rpc		   sudo-ldap.conf  yum.repos.d
bash-4.4$ ls -l
total 1292
-rw-r--r--.  1 root root       16 Jan  5  2023 adjtime
-rw-r--r--.  1 root root     1529 Apr 15  2020 aliases
drwxr-xr-x.  2 root root     4096 Aug  1 14:01 alternatives
-rw-r--r--.  1 root root      541 Sep 30  2021 anacrontab
drwxr-xr-x   4 root root     4096 Aug  1 13:58 asciidoc
-rw-r--r--.  1 root root        1 Aug 12  2018 at.deny
drwxr-x---.  4 root root      100 Jan  5  2023 audit
drwxr-xr-x.  3 root root      228 Jan  5  2023 authselect
drwxr-xr-x.  2 root root      135 Jan  5  2023 bash_completion.d
-rw-r--r--.  1 root root     3019 Apr 15  2020 bashrc
-rw-r--r--.  1 root root      545 Jan  5  2023 bindresvport.blacklist
-rw-r--r--.  1 root root      535 Jan  5  2023 bindresvport.blacklist.rsct.save
drwxr-xr-x.  2 root root       26 Jan  5  2023 binfmt.d
drwxr-xr-x.  2 root root        6 Jul 27  2021 chkconfig.d
-rw-r--r--.  1 root root     1083 Jun 15  2021 chrony.conf
-rw-r-----.  1 root chrony    540 May 12  2021 chrony.keys
drwxr-xr-x.  2 root root       26 Jun  3  2022 cifs-utils
drwxr-xr-x.  4 root root       82 Mar 30 06:22 cloud
drwxr-xr-x.  2 root root        6 Jan  5  2023 cni
drwxr-xr-x.  4 root root       42 Sep 23  2022 cockpit
drwxr-xr-x.  6 root root      139 Jan  5  2023 containers
drwxr-xr-x.  2 root root       39 Jan  5  2023 cron.d
drwxr-xr-x.  2 root root       44 Jan  5  2023 cron.daily
-rw-r--r--.  1 root root        0 Sep 30  2021 cron.deny
drwxr-xr-x.  2 root root       22 Jan  5  2023 cron.hourly
drwxr-xr-x.  2 root root        6 Jan  8  2021 cron.monthly
-rw-r--r--.  1 root root      451 Jan  8  2021 crontab
drwxr-xr-x.  2 root root        6 Jan  8  2021 cron.weekly
drwxr-xr-x.  6 root root       81 Jan  5  2023 crypto-policies
-rw-------.  1 root root        0 Jan  5  2023 crypttab
-rw-r--r--.  1 root root     1629 Apr 15  2020 csh.cshrc
-rw-r--r--.  1 root root     1078 Apr 15  2020 csh.login
-rw-rw-r--   1 root root      129 May  4 12:56 ct_node_id
drwxr-xr-x.  4 root root       78 Jun 16  2022 dbus-1
drwxr-xr-x.  3 root root       16 Jan  5  2023 dconf
drwxr-xr-x.  2 root root       33 Jan  5  2023 default
drwxr-xr-x.  2 root root       40 Jan  5  2023 depmod.d
drwxr-xr-x.  4 root root       53 Jan  5  2023 dhcp
-rw-r--r--.  1 root root     4536 Jul  9  2021 DIR_COLORS
-rw-r--r--.  1 root root     5214 Jul  9  2021 DIR_COLORS.256color
-rw-r--r--.  1 root root     4618 Jul  9  2021 DIR_COLORS.lightbgcolor
drwxr-xr-x.  8 root root      128 Jan  5  2023 dnf
-rw-r--r--.  1 root root      117 May 23  2022 dracut.conf
drwxr-xr-x.  2 root root        6 May 23  2022 dracut.conf.d
drwxr-xr-x   3 root root       37 Aug  1 14:01 egl
-rw-r--r--.  1 root root        0 Apr 15  2020 environment
-rw-r--r--.  1 root root     1362 Sep 10  2018 ethertypes
-rw-r--r--.  1 root root        0 Sep 10  2018 exports
lrwxrwxrwx.  1 root root       56 Jul 12  2021 favicon.png -> /usr/share/icons/hicolor/16x16/apps/fedora-logo-icon.png
-rw-r--r--.  1 root root       66 Sep 10  2018 filesystems
drwxr-x---.  8 root root      149 Jan  5  2023 firewalld
drwxr-xr-x.  3 root root       38 Jan  5  2023 fonts
-rw-r--r--.  1 root root       20 Jan 13  2021 fprintd.conf
-rw-r--r--   1 root root      639 May  4 13:29 fstab
-rw-r--r--.  1 root root       38 Feb 24  2022 fuse.conf
drwxr-xr-x.  2 root root       25 Apr 26  2022 gcrypt
-rw-r--r--   1 root root      265 Dec  8  2021 gdbinit
drwxr-xr-x   2 root root        6 Dec  8  2021 gdbinit.d
drwxr-xr-x   3 root root       26 Aug  1 14:01 glvnd
drwxr-xr-x.  2 root root        6 Aug  8  2022 gnupg
-rw-r--r--.  1 root root       94 Aug 12  2018 GREP_COLORS
drwxr-xr-x.  4 root root       40 Jan  5  2023 groff
-rw-r--r--   1 root root     4032 Sep 18 19:34 group
-rw-r--r--.  1 root root     4017 Sep 18 16:43 group-
lrwxrwxrwx.  1 root root       22 Jun  3  2022 grub2.cfg -> ../boot/grub2/grub.cfg
drwx------.  2 root root     4096 Jan  5  2023 grub.d
----------   1 root root     3382 Sep 18 19:34 gshadow
----------.  1 root root     3371 Sep 18 16:43 gshadow-
drwxr-xr-x.  3 root root       20 Jan  5  2023 gss
-rw-r--r--.  1 root root        9 Sep 10  2018 host.conf
-rw-r--r--   1 root root       24 May  4 11:42 hostname
-rw-r--r--.  1 root root      158 Sep 10  2018 hosts
-rw-r--r--.  1 root root     4849 Mar 12  2022 idmapd.conf
lrwxrwxrwx.  1 root root       11 Jul 27  2021 init.d -> rc.d/init.d
-rw-r--r--.  1 root root      490 Sep 21  2022 inittab
-rw-r--r--.  1 root root      942 Sep 10  2018 inputrc
drwxr-xr-x.  2 root root      225 Jan  5  2023 insights-client
drwxr-xr-x.  2 root root      159 Jul 11  2022 iproute2
drwxr-xr-x.  2 root root       52 Jan  5  2023 iscsi
-rw-r--r--.  1 root root       23 Apr  6  2022 issue
drwxr-xr-x.  2 root root       27 Jan  5  2023 issue.d
-rw-r--r--.  1 root root       22 Apr  6  2022 issue.net
drwxr-xr-x   4 root root       48 Aug  1 13:58 java
drwxr-xr-x   2 root root        6 Dec 13  2018 jvm
drwxr-xr-x   2 root root        6 Dec 13  2018 jvm-commmon
drwxr-xr-x.  4 root root       33 Jan  5  2023 kdump
-rw-r--r--.  1 root root     8550 Jan  5  2023 kdump.conf
drwxr-xr-x.  3 root root       23 Sep 21  2022 kernel
drwxr-xr-x.  2 root root        6 Jun 16  2021 keyutils
-rw-r--r--.  1 root root      812 Aug 25  2021 krb5.conf
drwxr-xr-x.  2 root root       83 Jan  5  2023 krb5.conf.d
-rw-r--r--.  1 root root     1128 Jul 21  2022 kshrc
-rw-r--r--   1 root root    31003 Aug  1 14:09 ld.so.cache
-rw-r--r--.  1 root root       28 Aug  1  2018 ld.so.conf
drwxr-xr-x.  2 root root      129 Aug  1 13:57 ld.so.conf.d
-rw-r-----.  1 root root      191 Jan 23  2022 libaudit.conf
drwxr-xr-x.  3 root root       20 Jan  5  2023 libblockdev
drwxr-xr-x.  2 root root      246 Jan  5  2023 libibverbs.d
drwxr-xr-x.  2 root root       35 Jan  5  2023 libnl
drwxr-xr-x   2 root root        6 Dec  4  2018 libpaper.d
drwxr-xr-x.  6 root root       70 Jan  5  2023 libreport
drwxr-xr-x.  2 root root       62 Jan  5  2023 libssh
-rw-r--r--.  1 root root     2391 Jul 23  2015 libuser.conf
-rw-r--r--.  1 root root       17 May  4 12:55 locale.conf
lrwxrwxrwx.  1 root root       38 Jan  5  2023 localtime -> ../usr/share/zoneinfo/America/New_York
-rw-r--r--.  1 root root     2512 Dec  9  2021 login.defs
-rw-r--r--.  1 root root      438 Feb 19  2018 logrotate.conf
drwxr-xr-x.  2 root root      219 Sep 12  2022 logrotate.d
drwxr-xr-x.  3 root root       43 Jan  5  2023 lsm
drwxr-xr-x.  2 root root       85 Jan  5  2023 lsvpd
drwxr-xr-x.  6 root root      100 Jul 12  2022 lvm
-r--r--r--   1 root root       33 May  4 12:55 machine-id
-rw-r--r--.  1 root root      111 May  4  2021 magic
-rw-r--r--.  1 root root      272 May 11  2017 mailcap
-rw-r--r--.  1 root root     5122 Jan 27  2022 makedumpfile.conf.sample
-rw-r--r--.  1 root root     5165 Jun 24  2021 man_db.conf
-rw-r--r--.  1 root root    60352 May 11  2017 mime.types
-rw-r--r--.  1 root root     1108 Feb 17  2022 mke2fs.conf
drwxr-xr-x.  2 root root       54 Jan  5  2023 modprobe.d
drwxr-xr-x.  2 root root        6 Sep 21  2022 modules-load.d
-rw-r--r--.  1 root root        0 Sep 10  2018 motd
drwxr-xr-x.  2 root root       44 Jan  5  2023 motd.d
lrwxrwxrwx.  1 root root       19 Jan  5  2023 mtab -> ../proc/self/mounts
drwxr-xr-x.  2 root root       35 May  4 13:32 multipath
-rw-rw-r--.  1 root root       75 Jan  5  2023 multipath.conf
-rw-r--r--.  1 root root     9450 Aug 12  2018 nanorc
-rw-r--r--.  1 root root      767 Dec  2  2021 netconfig
drwxr-xr-x.  7 root root      134 Sep 29  2022 NetworkManager
-rw-r--r--.  1 root root       58 Sep 10  2018 networks
drwx------.  3 root root       66 Jan  5  2023 nftables
lrwxrwxrwx.  1 root root       29 Jan  5  2023 nsswitch.conf -> /etc/authselect/nsswitch.conf
-rw-r--r--.  1 root root     2197 Mar 14  2022 nsswitch.conf.bak
drwxr-xr-x.  2 root root       35 Jan  5  2023 nvme
drwxr-xr-x.  2 root root       93 Jan  5  2023 objrepos
drwxr-xr-x.  2 root root        6 Dec 15  2020 oddjob
-rw-r--r--.  1 root root     4922 Dec 15  2020 oddjobd.conf
drwxr-xr-x.  2 root root       70 Jan  5  2023 oddjobd.conf.d
drwxr-xr-x.  3 root root       36 Jan  5  2023 openldap
drwxr-xr-x.  2 root root        6 Jun 21  2021 opt
lrwxrwxrwx.  1 root root       22 Apr  6  2022 os-release -> ..//usr/lib/os-release
drwxr-xr-x.  2 root root       48 Jan  5  2023 PackageKit
drwxr-xr-x.  2 root root     4096 Aug  2  2022 pam.d
-rw-r--r--   1 root root       68 Dec  4  2018 papersize
-rw-r--r--   1 root root     9936 Sep 18 19:34 passwd
-rw-r--r--.  1 root root     9893 Sep 18 16:43 passwd-
-rw-r--r--.  1 root root     2872 Aug 12  2018 pinforc
drwxr-xr-x.  3 root root       21 Jan  5  2023 pkcs11
drwxr-xr-x. 14 root root      193 Aug 18 07:32 pki
drwxr-xr-x.  2 root root       28 Jan  5  2023 plymouth
drwxr-xr-x.  5 root root       52 Jan  5  2023 pm
drwxr-xr-x.  5 root root       72 Jan  5  2023 polkit-1
drwxr-xr-x.  2 root root        6 Jan  7  2021 popt.d
drwxr-xr-x.  3 root root       48 Jan  5  2023 ppc64-diag
-rw-r--r--.  1 root root      233 Sep 10  2018 printcap
-rw-r--r--.  1 root root     2123 Apr 15  2020 profile
drwxr-xr-x.  2 root root     4096 Jan  5  2023 profile.d
-rw-r--r--.  1 root root     6568 Sep 10  2018 protocols
lrwxrwxrwx.  1 root root       10 Aug 15  2022 rc0.d -> rc.d/rc0.d
lrwxrwxrwx.  1 root root       10 Aug 15  2022 rc1.d -> rc.d/rc1.d
lrwxrwxrwx.  1 root root       10 Aug 15  2022 rc2.d -> rc.d/rc2.d
lrwxrwxrwx.  1 root root       10 Aug 15  2022 rc3.d -> rc.d/rc3.d
lrwxrwxrwx.  1 root root       10 Aug 15  2022 rc4.d -> rc.d/rc4.d
lrwxrwxrwx.  1 root root       10 Aug 15  2022 rc5.d -> rc.d/rc5.d
lrwxrwxrwx.  1 root root       10 Aug 15  2022 rc6.d -> rc.d/rc6.d
drwxr-xr-x. 10 root root      127 Sep 21  2022 rc.d
lrwxrwxrwx.  1 root root       13 Sep 21  2022 rc.local -> rc.d/rc.local
-rwxr-xr-x.  1 root root    10106 May 17  2021 rc.powerfail
-rw-r--r--.  1 root root       45 Apr  6  2022 redhat-release
-rw-r--r--.  1 root root     1787 Jun 16  2021 request-key.conf
drwxr-xr-x.  2 root root        6 Jun 16  2021 request-key.d
-rw-r--r--   1 root root      149 May  4 11:42 resolv.conf
drwxr-xr-x.  3 root root       40 Jan  5  2023 rhc
drwxr-xr-x.  6 root root      132 Jan  5  2023 rhsm
-rw-r--r--.  1 root root     1634 Aug  1  2018 rpc
drwxr-xr-x.  2 root root       25 Sep 14  2022 rpm
-rw-r--r--.  1 root root     3186 May 16  2022 rsyslog.conf
drwxr-xr-x.  2 root root       52 May 16  2022 rsyslog.d
drwxr-xr-x.  2 root root       35 Jun  3  2022 rwtab.d
drwxr-xr-x.  2 root root       61 Jan  5  2023 samba
drwxr-xr-x.  2 root root        6 Feb 17  2022 sasl2
drwxr-xr-x.  7 root root     4096 Aug  2  2022 security
drwxr-xr-x.  3 root root       57 Mar 30 05:08 selinux
-rw-r--r--.  1 root root   692252 Apr 15  2020 services
-rw-r--r--.  1 root root      216 Feb 23  2022 sestatus.conf
drwxr-xr-x.  2 root root       33 Jan  5  2023 setroubleshoot
drwxr-xr-x   3 root root     4096 Aug  1 13:58 sgml
----------   1 root root    17862 Sep 22 00:48 shadow
----------.  1 root root    17833 Sep 18 16:43 shadow-
-rw-r--r--   1 root root      114 Aug  1 14:09 shells
drwxr-xr-x.  2 root root       76 Jan  5  2023 skel
drwxr-xr-x.  3 root root       74 Jan  5  2023 smartmontools
drwxr-xr-x.  6 root root       86 Jan  5  2023 sos
drwxr-xr-x.  3 root root     4096 May  4 11:42 ssh
drwxr-xr-x.  2 root root       19 Jan  5  2023 ssl
drwx------.  4 sssd sssd       31 Jun  3  2022 sssd
-rw-r--r--   1 root root     3125 Sep 18 19:34 subgid
-rw-r--r--.  1 root root     3104 Sep 18 16:43 subgid-
-rw-r--r--   1 root root     3125 Sep 18 19:34 subuid
-rw-r--r--.  1 root root     3104 Sep 18 16:43 subuid-
-rw-r-----.  1 root root     1786 Dec  7  2021 sudo.conf
-r--r-----   1 root root     4328 Sep 13 17:04 sudoers
drwxr-x---.  2 root root       33 Jan  5  2023 sudoers.d
-rw-r-----.  1 root root     3181 Dec  7  2021 sudo-ldap.conf
drwxr-xr-x.  3 root root       24 Jan  5  2023 swid
drwxr-xr-x.  5 root root     4096 Jan  5  2023 sysconfig
-rw-r--r--   1 root root      481 Mar 30 04:36 sysctl.conf
drwxr-xr-x.  2 root root       28 Sep 21  2022 sysctl.d
drwxr-xr-x.  5 root root      172 Jan  5  2023 systemd
lrwxrwxrwx.  1 root root       14 Apr  6  2022 system-release -> redhat-release
-rw-r--r--.  1 root root       41 Apr  6  2022 system-release-cpe
-rw-r-----.  1 root tss      7046 Nov  6  2020 tcsd.conf
drwxr-xr-x.  2 root root        6 May 18  2021 terminfo
drwxr-xr-x.  2 root root        6 Sep 21  2022 tmpfiles.d
-rw-r--r--.  1 root root      375 Sep 22  2022 trusted-key.key
drwxr-xr-x.  3 root root      136 Jan  5  2023 tuned
drwxr-xr-x.  4 root root       68 Aug  1 14:01 udev
drwxr-xr-x.  2 root root       60 Jan  5  2023 udisks2
drwxr-xr-x.  2 root root       45 Jan  5  2023 unbound
-rw-r--r--.  1 root root      587 Aug 12  2018 updatedb.conf
-rw-r--r--.  1 root root     1523 Aug 12  2018 usb_modeswitch.conf
-rw-r--r--.  1 root root       28 Jan  5  2023 vconsole.conf
-rw-r--r--.  1 root root     1982 Jun 14  2022 vimrc
-rw-r--r--.  1 root root     1204 Jun 14  2022 virc
-rw-r--r--.  1 root root     4925 Apr  3  2020 wgetrc
drwxr-xr-x.  6 root root       70 Jan  5  2023 X11
-rw-r--r--.  1 root root      642 Dec  9  2016 xattr.conf
drwxr-xr-x.  6 root root       72 Aug  1 14:01 xdg
drwxr-xr-x.  2 root root        6 Jun 21  2021 xinetd.d
drwxr-xr-x   2 root root       21 Aug  1 13:57 xml
drwxr-xr-x.  2 root root       57 Jan  5  2023 yum
lrwxrwxrwx.  1 root root       12 Mar 18  2022 yum.conf -> dnf/dnf.conf
drwxr-xr-x.  2 root root       25 Aug 18 07:41 yum.repos.d
bash-4.4$ cd os`[K-release 
bash: cd: os-release: Not a directory
bash-4.4$ ls
adjtime				  crypttab		   glvnd	    kernel		      mime.types	 pinforc	   rpm		   swid
aliases				  csh.cshrc		   gnupg	    keyutils		      mke2fs.conf	 pkcs11		   rsyslog.conf    sysconfig
alternatives			  csh.login		   GREP_COLORS	    krb5.conf		      modprobe.d	 pki		   rsyslog.d	   sysctl.conf
anacrontab			  ct_node_id		   groff	    krb5.conf.d		      modules-load.d	 plymouth	   rwtab.d	   sysctl.d
asciidoc			  dbus-1		   group	    kshrc		      motd		 pm		   samba	   systemd
at.deny				  dconf			   group-	    ld.so.cache		      motd.d		 polkit-1	   sasl2	   system-release
audit				  default		   grub2.cfg	    ld.so.conf		      mtab		 popt.d		   security	   system-release-cpe
authselect			  depmod.d		   grub.d	    ld.so.conf.d	      multipath		 ppc64-diag	   selinux	   tcsd.conf
bash_completion.d		  dhcp			   gshadow	    libaudit.conf	      multipath.conf	 printcap	   services	   terminfo
bashrc				  DIR_COLORS		   gshadow-	    libblockdev		      nanorc		 profile	   sestatus.conf   tmpfiles.d
bindresvport.blacklist		  DIR_COLORS.256color	   gss		    libibverbs.d	      netconfig		 profile.d	   setroubleshoot  trusted-key.key
bindresvport.blacklist.rsct.save  DIR_COLORS.lightbgcolor  host.conf	    libnl		      NetworkManager	 protocols	   sgml		   tuned
binfmt.d			  dnf			   hostname	    libpaper.d		      networks		 rc0.d		   shadow	   udev
chkconfig.d			  dracut.conf		   hosts	    libreport		      nftables		 rc1.d		   shadow-	   udisks2
chrony.conf			  dracut.conf.d		   idmapd.conf	    libssh		      nsswitch.conf	 rc2.d		   shells	   unbound
chrony.keys			  egl			   init.d	    libuser.conf	      nsswitch.conf.bak  rc3.d		   skel		   updatedb.conf
cifs-utils			  environment		   inittab	    locale.conf		      nvme		 rc4.d		   smartmontools   usb_modeswitch.conf
cloud				  ethertypes		   inputrc	    localtime		      objrepos		 rc5.d		   sos		   vconsole.conf
cni				  exports		   insights-client  login.defs		      oddjob		 rc6.d		   ssh		   vimrc
cockpit				  favicon.png		   iproute2	    logrotate.conf	      oddjobd.conf	 rc.d		   ssl		   virc
containers			  filesystems		   iscsi	    logrotate.d		      oddjobd.conf.d	 rc.local	   sssd		   wgetrc
cron.d				  firewalld		   issue	    lsm			      openldap		 rc.powerfail	   subgid	   X11
cron.daily			  fonts			   issue.d	    lsvpd		      opt		 redhat-release    subgid-	   xattr.conf
cron.deny			  fprintd.conf		   issue.net	    lvm			      os-release	 request-key.conf  subuid	   xdg
cron.hourly			  fstab			   java		    machine-id		      PackageKit	 request-key.d	   subuid-	   xinetd.d
cron.monthly			  fuse.conf		   jvm		    magic		      pam.d		 resolv.conf	   sudo.conf	   xml
crontab				  gcrypt		   jvm-commmon	    mailcap		      papersize		 rhc		   sudoers	   yum
cron.weekly			  gdbinit		   kdump	    makedumpfile.conf.sample  passwd		 rhsm		   sudoers.d	   yum.conf
crypto-policies			  gdbinit.d		   kdump.conf	    man_db.conf		      passwd-		 rpc		   sudo-ldap.conf  yum.repos.d
bash-4.4$ vi os-release 
[?2004h[?1049h[22;0;0t[?1h=[?2004h[1;50r[?12h[?12l[27m[23m[29m[m[H[2J[?25l[50;1H"os-release" [readonly] 17L, 592C[1;1HNAME="Red Hat Enterprise Linux"
VERSION="8.6 (Ootpa)"
ID="rhel"
ID_LIKE="fedora"
VERSION_ID="8.6"
PLATFORM_ID="platform:el8"
PRETTY_NAME="Red Hat Enterprise Linux 8.6 (Ootpa)"
ANSI_COLOR="0;31"
CPE_NAME="cpe:/o:redhat:enterprise_linux:8::baseos"
HOME_URL="https://www.redhat.com/"
DOCUMENTATION_URL="https://access.redhat.com/documentation/red_hat_enterprise_linux/8/"
BUG_REPORT_URL="https://bugzilla.redhat.com/"

REDHAT_BUGZILLA_PRODUCT="Red Hat Enterprise Linux 8"
REDHAT_BUGZILLA_PRODUCT_VERSION=8.6
REDHAT_SUPPORT_PRODUCT="Red Hat Enterprise Linux"
REDHAT_SUPPORT_PRODUCT_VERSION="8.6"
[1m[34m~                                                                                                                                                                                            [19;1H~                                                                                                                                                                                            [20;1H~                                                                                                                                                                                            [21;1H~                                                                                                                                                                                            [22;1H~                                                                                                                                                                                            [23;1H~                                                                                                                                                                                            [24;1H~                                                                                                                                                                                            [25;1H~                                                                                                                                                                                            [26;1H~                                                                                                                                                                                            [27;1H~                                                                                                                                                                                            [28;1H~                                                                                                                                                                                            [29;1H~                                                                                                                                                                                            [30;1H~                                                                                                                                                                                            [31;1H~                                                                                                                                                                                            [32;1H~                                                                                                                                                                                            [33;1H~                                                                                                                                                                                            [34;1H~                                                                                                                                                                                            [35;1H~                                                                                                                                                                                            [36;1H~                                                                                                                                                                                            [37;1H~                                                                                                                                                                                            [38;1H~                                                                                                                                                                                            [39;1H~                                                                                                                                                                                            [40;1H~                                                                                                                                                                                            [41;1H~                                                                                                                                                                                            [42;1H~                                                                                                                                                                                            [43;1H~                                                                                                                                                                                            [44;1H~                                                                                                                                                                                            [45;1H~                                                                                                                                                                                            [46;1H~                                                                                                                                                                                            [47;1H~                                                                                                                                                                                            [48;1H~                                                                                                                                                                                            [49;1H~                                                                                                                                                                                            [1;1H[?25h[?25l[m[50;1H[1m-- INSERT --[m[50;14H[K[50;14H[31mW10: Warning: Changing a readonly file[?2004l[?2004h[m[1;1HdNAME="Red Hat Enterprise Linux"d[?25h[?25ldNAME="Red Hat Enterprise Linux"dd[?25h[?25lfNAME="Red Hat Enterprise Linux"ddf[?25h[?25lfNAME="Red Hat Enterprise Linux"ddff[?25h[?25lNAME="Red Hat Enterprise Linux"[1;35H[K[1;4H[?25h[?25lNAME="Red Hat Enterprise Linux"[1;34H[K[1;3H[?25h[?25lNAME="Red Hat Enterprise Linux"[1;33H[K[1;2H[?25h[?25lNAME="Red Hat Enterprise Linux"[1;32H[K[1;1H[?25h[50;1H[K[1;1H[?25l[?25h[?25l[50;1H:[?2004h[?25hq[?25l[1m[37m[41mE37: No write since last change (add ! to override)[?2004h[1;1H[?25h[?25l[m[50;1H[K[50;1H:[?2004h[?25hq![?25l[?2004l[50;1H[K[50;1H[?2004l[?1l>[?25h[?1049l[23;0;0tbash-4.4$ exit
exit

Script done on 2023-09-23 03:00:55-04:00

Task 10
----------------------------------------
lrwxrwxrwx
all permissions
----------------------------------------

